Blood Pressure: 120/80 mmHg, Hemoglobin: 14.5 g/dL
